error[E0277]: the trait bound `Expr: From<bool>` is not satisfied
 --> $DIR/garbage.rs:8:6
  |
8 |   c!(x + y + 2*z + 1 <= 0 in 1..0);
  |      ^ the trait `From<bool>` is not implemented for `Expr`
  |
  = help: the following implementations were found:
            <Expr as From<&T>>
            <Expr as From<LinExpr>>
            <Expr as From<QuadExpr>>
            <Expr as From<Var>>
          and 12 others
  = note: required by `from`

error[E0605]: non-primitive cast: `Var` as `f64`
 --> $DIR/garbage.rs:9:18
  |
9 |   c!(z + y in 0..z);
  |                  ^ an `as` expression can only be used to convert between primitive types or to coerce to a specific trait object

error[E0605]: non-primitive cast: `Var` as `f64`
  --> $DIR/garbage.rs:11:14
   |
11 |   c!(y in x..z);
   |              ^ an `as` expression can only be used to convert between primitive types or to coerce to a specific trait object

error[E0605]: non-primitive cast: `Var` as `f64`
  --> $DIR/garbage.rs:11:11
   |
11 |   c!(y in x..z);
   |           ^ an `as` expression can only be used to convert between primitive types or to coerce to a specific trait object
